
> healthcare_uncharted_site@1.0.0 build
> npx @11ty/eleventy

[11ty] Writing ./_site/tools/American-4Ps-Map/index.html from ./src/tools/American-4Ps-Map/index.html (njk)
[11ty] Writing ./_site/sitemap.xml from ./src/sitemap.njk
[11ty] Writing ./_site/tools/clinical-sql-mystery/index.html from ./src/tools/clinical-sql-mystery/index.html (njk)
[11ty] Writing ./_site/tools/healthcare-vendor-directory/index.html from ./src/tools/healthcare-vendor-directory/index.html (njk)
[11ty] Writing ./_site/learn/talks/arma-2026/index.html from ./src/learn/talks/arma-2026/index.html (njk)
[11ty] Writing ./_site/learn/talks/msrc-2026/index.html from ./src/learn/talks/msrc-2026/index.html (njk)
[11ty] Writing ./_site/tools/healthcare-iceberg-map/index.html from ./src/tools/healthcare-iceberg-map/index.njk
[11ty] Writing ./_site/404.html from ./src/404.html (njk)
[11ty] Writing ./_site/index.html from ./src/index.html (njk)
[11ty] Writing ./_site/about/index.html from ./src/about/index.html (njk)
[11ty] Writing ./_site/learn/index.html from ./src/learn/index.html (njk)
[11ty] Writing ./_site/tools/index.html from ./src/tools/index.html (njk)
[11ty] Writing ./_site/rounds/index.html from ./src/rounds/index.html (njk)
[11ty] Writing ./_site/learn/oxygen-payment-cuts/index.html from ./src/learn/oxygen-payment-cuts/index.html (njk)
[11ty] Writing ./_site/learn/4ps-framework/index.html from ./src/learn/4ps-framework/index.html (njk)
[11ty] Writing ./_site/learn/home-respiratory-timeline/index.html from ./src/learn/home-respiratory-timeline/index.html (njk)
[11ty] Writing ./_site/tools/hospital-map/index.html from ./src/tools/hospital-map/index.html (njk)
[11ty] Writing ./_site/rounds/steward-postmortem/index.html from ./src/rounds/steward-postmortem/index.html (njk)
[11ty] Writing ./_site/atlas/index.html from ./src/atlas/index.njk
[11ty] Copied 14 Wrote 19 files in 0.20 seconds (v3.1.5)
