[      98ms] [WARNING] goatcounter: not counting because of: localhost @ https://gc.zgo.at/count.js:79
[      99ms] [LOG] [11ty][05:28:01.790 UTC] Connected @ http://localhost:8080/.11ty/reload-client.js:20
[   98131ms] RangeError: Maximum call stack size exceeded
    at Object.dismiss [as close] (http://localhost:8080/assets/js/hu-kit.js?v=20260804:58:21)
    at mobileSheet (http://localhost:8080/tools/hospital-map/:2672:53)
    at closePanel (http://localhost:8080/tools/hospital-map/:2872:3)
    at Object.onDismiss (http://localhost:8080/tools/hospital-map/:2660:82)
    at Object.dismiss [as close] (http://localhost:8080/assets/js/hu-kit.js?v=20260804:59:32)
    at mobileSheet (http://localhost:8080/tools/hospital-map/:2672:53)
    at closePanel (http://localhost:8080/tools/hospital-map/:2872:3)
    at Object.onDismiss (http://localhost:8080/tools/hospital-map/:2660:82)
    at Object.dismiss [as close] (http://localhost:8080/assets/js/hu-kit.js?v=20260804:59:32)
    at mobileSheet (http://localhost:8080/tools/hospital-map/:2672:53)
[  124622ms] RangeError: Maximum call stack size exceeded
    at Object.dismiss [as close] (http://localhost:8080/assets/js/hu-kit.js?v=20260804:58:21)
    at mobileSheet (http://localhost:8080/tools/hospital-map/:2672:53)
    at closePanel (http://localhost:8080/tools/hospital-map/:2872:3)
    at Object.onDismiss (http://localhost:8080/tools/hospital-map/:2660:82)
    at Object.dismiss [as close] (http://localhost:8080/assets/js/hu-kit.js?v=20260804:59:32)
    at mobileSheet (http://localhost:8080/tools/hospital-map/:2672:53)
    at closePanel (http://localhost:8080/tools/hospital-map/:2872:3)
    at Object.onDismiss (http://localhost:8080/tools/hospital-map/:2660:82)
    at Object.dismiss [as close] (http://localhost:8080/assets/js/hu-kit.js?v=20260804:59:32)
    at mobileSheet (http://localhost:8080/tools/hospital-map/:2672:53)
